mtdparts.c:492:13:part_delall	16	static
mtdparts.c:172:12:memsize_parse	8	static
mtdparts.c:1869:26:mtd_part_info	24	static
mtdparts.c:1533:20:env_get_mtdparts	8	static
mtdparts.c:205:13:memsize_format	16	static
mtdparts.c:226:13:index_partitions	16	static
mtdparts.c:269:13:current_save	32	static
mtdparts.c:513:12:part_sort_add	32	static
mtdparts.c:758:12:device_del	16	static
mtdparts.c:1206:12:generate_mtdparts_save.constprop	88	static
mtdparts.c:734:12:device_delall.constprop	24	static
mtdparts.c:968:12:mtd_devices_init	8	static
mtdparts.c:301:12:get_mtd_info.constprop	24	static
mtdparts.c:412:12:part_validate	88	static
mtdparts.c:790:20:device_find	16	static
mtdparts.c:837:12:device_parse	96	static
mtdparts.c:1039:5:mtd_id_parse	32	static
mtdparts.c:1344:5:find_dev_and_part	40	static
mtdparts.c:1719:5:mtdparts_init	1104	static
mtdparts.c:1916:12:do_chpart	32	static
mtdparts.c:1954:12:do_mtdparts	128	static
mtdparts.c:2146:5:sunxi_do_mtdparts	16	static
mtdparts.c:2151:7:sunxi_get_mtdparts_name	8	static
mtdparts.c:2167:5:sunxi_get_mtdpart_size	8	static
mtdparts.c:2183:5:sunxi_get_mtdpart_offset	8	static
mtdparts.c:2199:5:sunxi_get_mtd_num_parts	0	static
mtdparts.c:2207:6:sunxi_set_defualt_mtdpart	0	static
