main_controller.c:49:13:mc_pixel_clock_enable	16	static
main_controller.c:43:13:mc_tmds_clock_enable	16	static
main_controller.c:37:13:mc_pixel_repetition_clock_enable	16	static
main_controller.c:25:13:mc_colorspace_converter_clock_enable	16	static
main_controller.c:13:13:mc_hdcp_clock_enable	16	static
main_controller.c:19:6:mc_cec_clock_enable	16	static
main_controller.c:31:6:mc_audio_sampler_clock_enable	16	static
main_controller.c:55:6:mc_cec_clock_reset	16	static
main_controller.c:61:6:mc_audio_gpa_reset	16	static
main_controller.c:67:6:mc_audio_spdif_reset	16	static
main_controller.c:74:6:mc_audio_i2s_reset	16	static
main_controller.c:81:6:mc_pixel_repetition_clock_reset	16	static
main_controller.c:87:6:mc_tmds_clock_reset	16	static
main_controller.c:93:6:mc_pixel_clock_reset	16	static
main_controller.c:107:6:mc_phy_reset	16	static
main_controller.c:114:6:mc_heac_phy_reset	0	static
main_controller.c:124:4:mc_lock_on_clock_status	16	static
main_controller.c:130:6:mc_lock_on_clock_clear	16	static
main_controller.c:136:6:mc_disable_all_clocks	8	static
main_controller.c:147:6:mc_enable_all_clocks	16	static
main_controller.c:162:6:mc_rst_all_clocks	8	static
