packets.c:21:6:fc_acp_type	16	static
packets.c:27:6:fc_acp_type_dependent_fields	24	static
packets.c:42:6:fc_RgbYcc	16	static
packets.c:49:6:fc_ScanInfo	16	static
packets.c:56:6:fc_Colorimetry	16	static
packets.c:62:6:fc_PicAspectRatio	16	static
packets.c:69:6:fc_ActiveAspectRatioValid	16	static
packets.c:76:6:fc_ActiveFormatAspectRatio	16	static
packets.c:83:6:fc_IsItContent	16	static
packets.c:90:6:fc_ExtendedColorimetry	16	static
packets.c:98:6:fc_QuantizationRange	16	static
packets.c:105:6:fc_NonUniformPicScaling	16	static
packets.c:112:6:fc_VideoCode	16	static
packets.c:118:6:fc_HorizontalBarsValid	0	static
packets.c:124:6:fc_HorizontalBars	24	static
packets.c:133:6:fc_VerticalBarsValid	0	static
packets.c:139:6:fc_VerticalBars	24	static
packets.c:148:6:fc_OutPixelRepetition	16	static
packets.c:154:5:fc_GetInfoFrameSatus	0	static
packets.c:159:6:fc_avi_config	32	static
packets.c:275:6:fc_gamut_Profile	16	static
packets.c:281:6:fc_gamut_AffectedSeqNo	16	static
packets.c:288:6:fc_gamut_PacketsPerFrame	16	static
packets.c:295:6:fc_gamut_PacketLineSpacing	16	static
packets.c:302:6:fc_gamut_Content	24	static
packets.c:316:6:fc_gamut_enable_tx	16	static
packets.c:324:6:fc_gamut_UpdatePacket	8	static
packets.c:330:4:fc_gamut_CurrentSeqNo	8	static
packets.c:337:6:fc_gamut_config	8	static
packets.c:347:6:fc_gamut_packet_config	16	static
packets.c:356:6:fc_isrc_status	16	static
packets.c:362:6:fc_isrc_valid	16	static
packets.c:369:6:fc_isrc_cont	16	static
packets.c:376:6:fc_isrc_isrc1_codes	24	static
packets.c:390:6:fc_isrc_isrc2_codes	24	static
packets.c:404:6:fc_packets_QueuePriorityHigh	16	static
packets.c:411:6:fc_packets_QueuePriorityLow	16	static
packets.c:417:6:fc_packets_MetadataFrameInterpolation	16	static
packets.c:424:6:fc_packets_MetadataFramesPerPacket	16	static
packets.c:431:6:fc_packets_MetadataLineSpacing	16	static
packets.c:438:6:fc_packets_AutoSend	24	static
packets.c:444:6:fc_packets_ManualSend	16	static
packets.c:450:6:fc_packets_disable_all	8	static
packets.c:459:6:fc_packets_metadata_config	8	static
packets.c:466:6:fc_spd_VendorName	24	static
packets.c:476:6:fc_spd_ProductName	24	static
packets.c:486:6:fc_spd_SourceDeviceInfo	16	static
packets.c:492:5:fc_spd_config	24	static
packets.c:538:6:fc_vsd_vendor_OUI	16	static
packets.c:546:4:fc_vsd_vendor_payload	24	static
packets.c:567:6:fc_vsif_enable	0	static
packets.c:662:6:packets_AudioContentProtection	40	static
packets.c:689:6:packets_IsrcPackets	56	static
packets.c:741:6:packets_AvMute	16	static
packets.c:748:6:packets_IsrcStatus	16	static
packets.c:754:6:packets_StopSendAcp	8	static
packets.c:760:6:packets_StopSendIsrc1	8	static
packets.c:767:6:packets_StopSendIsrc2	8	static
packets.c:774:6:packets_StopSendSpd	8	static
packets.c:780:6:packets_StopSendVsd	8	static
packets.c:786:6:packets_DisableAllPackets	8	static
packets.c:572:5:packets_Initialize	8	static
packets.c:792:5:packets_VendorSpecificInfoFrame	24	static
packets.c:809:4:packets_AudioMetaDataPacket	16	static
packets.c:817:6:packets_colorimetry_config	48	static
packets.c:846:6:fc_drm_up	16	static
packets.c:890:6:fc_drm_disable	0	static
packets.c:580:5:packets_Configure	56	static
packets.c:895:4:fc_Colorimetry_get	8	static
packets.c:909:4:fc_RgbYcc_get	8	static
packets.c:916:4:fc_VideoCode_get	8	static
packets.c:922:6:fc_VideoCode_set	16	static
packets.c:933:6:fc_vsif_get	16	static
packets.c:944:6:fc_vsif_set	16	static
