video.c:17:5:videoParams_GetCeaVicCode	0	static
video.c:39:5:videoParams_GetHdmiVicCode	0	static
video.c:61:6:video_params_reset	64	static
video.c:122:6:videoParams_SetCscA	0	static
video.c:138:6:videoParams_SetCscB	0	static
video.c:154:6:videoParams_SetCscC	0	static
video.c:164:6:videoParams_SetCscScale	0	static
video.c:171:5:videoParams_GetPixelClock	0	static
video.c:181:10:videoParams_GetRatioClock	0	static
video.c:198:5:videoParams_IsColorSpaceConversion	0	static
video.c:204:5:videoParams_IsColorSpaceDecimation	0	static
video.c:212:5:videoParams_IsColorSpaceInterpolation	0	static
video.c:220:5:videoParams_IsPixelRepetition	0	static
video.c:226:6:videoParams_UpdateCscCoefficients	0	static
video.c:116:6:videoParams_GetCscA	8	static
video.c:132:6:videoParams_GetCscB	8	static
video.c:148:6:videoParams_GetCscC	8	static
video.c:319:7:getEncodingString	0	static
video.c:336:6:halVideoSampler_InternalDataEnableGenerator	16	static
video.c:343:6:halVideoSampler_VideoMapping	16	static
video.c:349:6:halVideoSampler_StuffingGy	16	static
video.c:358:6:halVideoSampler_StuffingRcr	16	static
video.c:367:6:halVideoSampler_StuffingBcb	16	static
video.c:376:6:video_sampler_config	16	static
video.c:385:4:vp_PixelPackingPhase	8	static
video.c:391:6:vp_ColorDepth	16	static
video.c:398:6:vp_PixelPackingDefaultPhase	16	static
video.c:405:6:vp_PixelRepetitionFactor	16	static
video.c:419:6:vp_Ycc422RemapSize	16	static
video.c:425:6:vp_OutputSelector	24	static
video.c:458:6:csc_Interpolation	16	static
video.c:465:6:csc_Decimation	16	static
video.c:472:6:csc_ColorDepth	16	static
video.c:479:6:csc_ScaleFactor	16	static
video.c:486:6:csc_CoefficientA1	16	static
video.c:495:6:csc_CoefficientA2	16	static
video.c:504:6:csc_CoefficientA3	16	static
video.c:513:6:csc_CoefficientA4	16	static
video.c:522:6:csc_CoefficientB1	16	static
video.c:531:6:csc_CoefficientB2	16	static
video.c:540:6:csc_CoefficientB3	16	static
video.c:549:6:csc_CoefficientB4	16	static
video.c:558:6:csc_CoefficientC1	16	static
video.c:567:6:csc_CoefficientC2	16	static
video.c:576:6:csc_CoefficientC3	16	static
video.c:585:6:csc_CoefficientC4	16	static
video.c:593:6:csc_config	24	static
video.c:614:5:video_Initialize	8	static
video.c:647:5:video_ColorSpaceConverter	32	static
video.c:692:5:video_VideoPacketizer	32	static
video.c:748:5:video_VideoSampler	24	static
video.c:621:5:video_Configure	24	static
video.c:800:4:vp_PixelRepetitionFactor_get	8	static
video.c:807:4:vp_ColorDepth_get	8	static
