de_feat.c:1441:5:de_feat_get_num_screens	0	static
de_feat.c:1446:5:de_feat_get_num_devices	0	static
de_feat.c:1451:5:de_feat_get_num_chns	0	static
de_feat.c:1456:5:de_feat_get_num_vi_chns	0	static
de_feat.c:1461:5:de_feat_get_num_ui_chns	0	static
de_feat.c:1467:5:de_feat_get_num_layers	16	static
de_feat.c:1485:5:de_feat_get_num_layers_by_chn	16	static
de_feat.c:1501:5:de_feat_is_support_vep	16	static
de_feat.c:1519:5:de_feat_is_support_vep_by_chn	16	static
de_feat.c:1535:5:de_feat_is_support_smbl	0	static
de_feat.c:1540:5:de_feat_is_supported_output_types	0	static
de_feat.c:1546:5:de_feat_is_support_wb	0	static
de_feat.c:1551:5:de_feat_is_support_scale	16	static
de_feat.c:1569:5:de_feat_is_support_scale_by_chn	16	static
de_feat.c:1585:5:de_feat_get_scale_linebuf_for_yuv	16	static
de_feat.c:1601:5:de_feat_get_scale_linebuf_for_rgb	16	static
de_feat.c:1617:5:de_feat_get_scale_linebuf_for_ed	16	static
de_feat.c:1639:14:de_feat_get_tcon_type	0	static
de_feat.c:1653:5:de_feat_get_tcon_index	8	static
de_feat.c:1666:5:de_feat_init	0	static
