disp_al.c:676:5:disp_al_lcd_get_clk_info.part.0	32	static
disp_al.c:409:5:disp_al_layer_apply	88	static
disp_al.c:458:5:disp_al_de_clk_enable	0	static
disp_al.c:448:5:disp_al_manager_init	0	static
disp_al.c:463:5:disp_al_de_clk_disable	0	static
disp_al.c:453:5:disp_al_manager_exit	0	static
disp_al.c:468:5:disp_al_manager_apply	16	static
disp_al.c:509:5:disp_al_manager_sync	0	static
disp_al.c:514:5:disp_al_manager_update_regs	0	static
disp_al.c:519:5:disp_al_manager_query_irq	0	static
disp_al.c:524:5:disp_al_manager_enable_irq	0	static
disp_al.c:529:5:disp_al_manager_disable_irq	0	static
disp_al.c:534:5:disp_al_enhance_apply	72	static
disp_al.c:547:5:disp_al_enhance_update_regs	0	static
disp_al.c:552:5:disp_al_enhance_sync	0	static
disp_al.c:557:5:disp_al_enhance_tasklet	0	static
disp_al.c:563:5:disp_al_capture_init	0	static
disp_al.c:568:5:disp_al_capture_exit	0	static
disp_al.c:573:5:disp_al_capture_sync	8	static
disp_al.c:581:5:disp_al_capture_apply	0	static
disp_al.c:586:5:disp_al_capture_get_status	0	static
disp_al.c:591:5:disp_al_write_back_clk_init	0	static
disp_al.c:596:5:disp_al_write_back_clk_exit	0	static
disp_al.c:637:5:disp_al_smbl_apply	0	static
disp_al.c:642:5:disp_al_smbl_update_regs	0	static
disp_al.c:647:5:disp_al_smbl_sync	0	static
disp_al.c:652:5:disp_al_smbl_tasklet	0	static
disp_al.c:657:5:disp_al_smbl_get_status	0	static
disp_al.c:676:5:disp_al_lcd_get_clk_info	8	static
disp_al.c:757:5:disp_al_lcd_cfg	48	static
disp_al.c:814:5:disp_al_lcd_cfg_ext	8	static
disp_al.c:821:5:disp_al_lcd_enable	16	static
disp_al.c:848:5:disp_al_lcd_disable	16	static
disp_al.c:880:5:disp_al_lcd_query_irq	4	static
disp_al.c:902:5:disp_al_lcd_enable_irq	0	static
disp_al.c:924:5:disp_al_lcd_disable_irq	0	static
disp_al.c:946:5:disp_al_lcd_tri_busy	16	static
disp_al.c:962:5:disp_al_lcd_tri_start	8	static
disp_al.c:971:5:disp_al_lcd_io_cfg	16	static
disp_al.c:992:5:disp_al_lcd_get_cur_line	0	static
disp_al.c:1003:5:disp_al_lcd_get_start_delay	16	static
disp_al.c:1025:5:disp_al_hdmi_enable	8	static
disp_al.c:1033:5:disp_al_hdmi_disable	16	static
disp_al.c:1044:5:disp_al_hdmi_cfg	24	static
disp_al.c:1089:5:disp_al_tv_enable	8	static
disp_al.c:1097:5:disp_al_tv_disable	16	static
disp_al.c:1108:5:disp_al_tv_cfg	24	static
disp_al.c:1180:5:disp_al_vdevice_cfg	344	static
disp_al.c:1237:5:disp_al_vdevice_enable	312	static
disp_al.c:1248:5:disp_al_vdevice_disable	16	static
disp_al.c:1259:5:disp_al_device_get_cur_line	0	static
disp_al.c:1266:5:disp_al_device_get_start_delay	0	static
disp_al.c:1274:5:disp_al_device_query_irq	0	static
disp_al.c:1286:5:disp_al_device_enable_irq	0	static
disp_al.c:1298:5:disp_al_device_disable_irq	0	static
disp_al.c:1310:5:disp_al_device_get_status	0	static
disp_al.c:1319:5:disp_al_device_src_select	0	static
disp_al.c:1326:5:disp_init_al	104	static
disp_al.c:1418:5:disp_al_get_fb_info	0	static
disp_al.c:1423:5:disp_al_get_display_size	0	static
disp_al.c:1432:6:disp_al_show_builtin_patten	0	static
