hdmi_core.c:84:13:hdmitx_sleep	0	static
hdmi_core.c:431:13:print_videoinfo	16	static
hdmi_core.c:112:6:hdmitx_write	0	static
hdmi_core.c:122:5:hdmitx_read	0	static
hdmi_core.c:89:6:hdmi_core_set_base_addr	0	static
hdmi_core.c:94:11:hdmi_core_get_base_addr	0	static
hdmi_core.c:102:6:set_platform	0	static
hdmi_core.c:107:22:get_platform	0	static
hdmi_core.c:171:6:resistor_calibration_core	16	static
hdmi_core.c:177:5:hdmi_core_get_hpd_state	8	static
hdmi_core.c:185:6:hdmi_core_set_phy_reg_base	0	static
hdmi_core.c:248:6:core_init_audio	8	static
hdmi_core.c:277:5:hdmi_tx_core_init	32	static
hdmi_core.c:331:6:hdmi_core_exit	8	static
hdmi_core.c:343:6:hdcp_handler_core	16	static
hdmi_core.c:357:4:get_hdcp22_status_core	0	static
hdmi_core.c:362:6:hdmi_configure_core	32	static
hdmi_core.c:520:6:video_apply	24	static
hdmi_core.c:713:5:get_static_config	16	static
hdmi_core.c:875:5:hdmi_set_display_mode	72	static
hdmi_core.c:912:5:hdmi_mode_blacklist_check	20	static
hdmi_core.c:940:5:hdmi_mode_support	16	static
hdmi_core.c:973:6:hdmi_reconfig_format_by_blacklist	32	static
hdmi_core.c:560:5:set_static_config	16	static
hdmi_core.c:996:5:hdmi_get_HPD_status	8	static
hdmi_core.c:1003:5:hdmi_core_get_csc_type	24	static
hdmi_core.c:1017:5:hdmi_get_video_timming_info	40	static
hdmi_core.c:1076:6:hpd_sense_enbale_core	0	static
hdmi_core.c:1081:5:hdmi_enable_core	8	static
hdmi_core.c:1092:5:hdmi_disable_core	16	static
hdmi_core.c:1113:6:hdcp_enable_core	0	static
hdmi_core.c:1170:6:register_func_to_hdmi_core	8	static
hdmi_core.c:1178:5:hdmi_core_get_rxsense_state	0	static
hdmi_core.c:1185:5:hdmi_core_get_phy_pll_lock_state	0	static
hdmi_core.c:1192:5:hdmi_core_get_phy_power_state	0	static
hdmi_core.c:1199:5:hdmi_core_get_tmds_mode	0	static
hdmi_core.c:1206:5:hdmi_core_get_scramble_state	0	static
hdmi_core.c:1213:5:hdmi_core_get_avmute_state	0	static
hdmi_core.c:1221:5:hdmi_core_get_pixelrepetion	0	static
hdmi_core.c:1229:5:hdmi_core_get_color_depth	0	static
hdmi_core.c:1237:5:hdmi_core_get_colorimetry	0	static
hdmi_core.c:1245:5:hdmi_core_get_pixel_format	0	static
hdmi_core.c:1253:5:hdmi_core_get_video_code	0	static
hdmi_core.c:1261:5:hdmi_core_get_audio_layout	0	static
hdmi_core.c:1270:5:hdmi_core_get_audio_channel_count	0	static
hdmi_core.c:1278:5:hdmi_core_get_audio_sample_freq	0	static
hdmi_core.c:1286:5:hdmi_core_get_audio_sample_size	0	static
hdmi_core.c:1294:5:hdmi_core_get_audio_n	0	static
hdmi_core.c:1302:6:hdmi_core_avmute_enable	0	static
hdmi_core.c:1309:6:hdmi_core_phy_power_enable	0	static
hdmi_core.c:1316:6:hdmi_core_dvimode_enable	0	static
