spic_op.c:351:13:spic0_set_sdm	0	static
spic_op.c:359:13:spic0_set_sdc	0	static
spic_op.c:696:13:spic0_set_sample_mode	48	static
spic_op.c:709:13:spic0_set_sample_delay	0	static
spic_op.c:192:13:spi_print_info	1224	static
spic_op.c:67:12:spi0_change_clk.constprop	16	static
spic_op.c:173:12:spic0_set_clk	8	static
spic_op.c:896:12:spic0_rw.constprop	56	static
spic_op.c:224:5:spic0_init	16	static
spic_op.c:302:5:spic0_exit	16	static
spic_op.c:383:6:spic0_config_io_mode	0	static
spic_op.c:394:6:spic0_samp_dl_sw_status	0	static
spic_op.c:406:6:spic0_samp_mode	0	static
spic_op.c:717:5:update_right_delay_para	168	static
spic_op.c:848:5:set_right_delay_para	40	static
spic_op.c:877:5:spic0_change_mode	8	static
spic_op.c:906:5:spi0_write	4	static
spic_op.c:914:5:spi0_write_then_read	12	static
