sprite_download.c:58:13:dump_dram_para.constprop	16	static
sprite_download.c:160:5:sunxi_sprite_download_uboot	16	static
sprite_download.c:212:5:download_secure_boot0	24	static
sprite_download.c:322:5:download_normal_boot0	24	static
sprite_download.c:405:5:sunxi_sprite_download_boot0	8	static
sprite_download.c:418:6:sunxi_get_logical_offset_param	8	static
sprite_download.c:441:5:gpt_convert_to_sunxi_mbr	88	static
sprite_download.c:558:5:sunxi_mbr_convert_to_gpt	112	static
sprite_download.c:697:5:download_standard_gpt	24	static
sprite_download.c:121:5:sunxi_sprite_download_mbr	16	static
