log.h:360:19:log_init	0	static
board_r.c:106:12:initr_trace	0	static
board_r.c:192:12:initr_reloc_global_data	0	static
board_r.c:846:12:run_main_loop	8	static
board_r.c:776:12:initr_net	8	static
board_r.c:618:12:sunxi_burn_key	8	static
board_r.c:711:12:initr_ethaddr	8	static
board_r.c:658:12:initr_env	8	static
board_r.c:509:12:initr_sunxi_plat	8	static
board_r.c:703:12:initr_enable_interrupts	8	static
board_r.c:686:12:initr_jumptable	8	static
board_r.c:243:12:initr_serial	8	static
board_r.c:382:12:initr_bootstage	8	static
board_r.c:309:12:initr_malloc	8	static
board_r.c:160:12:initr_reloc	8	static
bootstage.h:367:19:bootstage_relocate	0	static
board_r.c:300:12:initr_barrier	0	static
board_r.c:324:12:initr_console_record	0	static
board_r.c:389:12:power_init_board	0	static
board_r.c:394:12:initr_announce	0	static
board_r.c:497:12:initr_mmc	0	static
board_r.c:78:12:board_flash_wp_on	0	static
board_r.c:88:13:cpu_secondary_init_r	0	static
board_r.c:92:12:initr_secondary_cpu	8	static
board_r.c:171:13:smp_init	0	static
board_r.c:178:12:initr_caches	8	static
board_r.c:187:12:fixup_cpu	0	static
board_r.c:1073:6:board_init_r	8	static
