image-android.c:24:5:android_image_get_vendor_get_end	16	static
image-android.c:39:29:get_vendor_hdr_addr	16	static
image-android.c:128:14:android_image_get_kernel_addr	8	static
image-android.c:172:5:android_image_get_kernel	40	static
image-android.c:243:5:android_image_check_header	0	static
image-android.c:248:7:android_image_get_end	16	static
image-android.c:278:7:android_image_get_kload	0	static
image-android.c:283:5:android_image_get_ramdisk	32	static
image-android.c:317:5:android_image_get_vendor_ramdisk	16	static
image-android.c:336:5:android_image_get_second	24	static
image-android.c:355:5:android_image_get_recovery_dtbo	24	static
image-android.c:375:5:android_image_get_dtb	24	static
image-android.c:424:6:android_print_contents	32	static
