miiphyutil.c:67:12:legacy_miiphy_read	16	static
miiphyutil.c:78:12:legacy_miiphy_write	4	static
miiphyutil.c:38:17:miiphy_get_dev_by_name	16	static
miiphyutil.c:61:6:miiphy_init	0	static
miiphyutil.c:138:17:mdio_alloc	8	static
miiphyutil.c:91:6:miiphy_register	32	static
miiphyutil.c:154:6:mdio_free	0	static
miiphyutil.c:159:5:mdio_register	16	static
miiphyutil.c:180:5:mdio_register_seq	8	static
miiphyutil.c:192:5:mdio_unregister	0	static
miiphyutil.c:206:6:mdio_list_devices	40	static
miiphyutil.c:231:5:miiphy_set_current_dev	8	static
miiphyutil.c:281:24:miiphy_get_active_dev	16	static
miiphyutil.c:246:17:mdio_get_current_dev	0	static
miiphyutil.c:251:20:mdio_phydev_for_ethname	24	static
miiphyutil.c:273:13:miiphy_get_current_dev	0	static
miiphyutil.c:305:5:miiphy_read	24	static
miiphyutil.c:333:5:miiphy_write	24	static
miiphyutil.c:349:6:miiphy_listdev	16	static
miiphyutil.c:378:5:miiphy_info	32	static
miiphyutil.c:420:5:miiphy_reset	32	static
miiphyutil.c:463:5:miiphy_speed	24	static
miiphyutil.c:521:5:miiphy_duplex	24	static
miiphyutil.c:586:5:miiphy_is_1000base_x	0	static
