nand_uboot_fun.c:80:25:get_nand_parts	0	static
nand_uboot_fun.c:86:29:NAND_GetBootFlag	0	static
nand_uboot_fun.c:91:5:__NAND_UpdatePhyArch	8	static
nand_uboot_fun.c:100:5:msg	8	static
nand_uboot_fun.c:106:6:nand_get_ubootstat	8	static
nand_uboot_fun.c:114:5:NAND_PhyInit	8	static
nand_uboot_fun.c:133:5:NAND_PhyExit	8	static
nand_uboot_fun.c:141:5:NAND_LogicWrite	0	static
nand_uboot_fun.c:146:5:NAND_LogicRead	0	static
nand_uboot_fun.c:151:5:NAND_LogicRead_History	0	static
nand_uboot_fun.c:158:5:NAND_LogicInit	32	static
nand_uboot_fun.c:230:5:NAND_LogicExit	8	static
nand_uboot_fun.c:255:5:NAND_build_all_partition	24	static
nand_uboot_fun.c:286:5:NAND_VersionGet	8	static
nand_uboot_fun.c:303:5:NAND_VersionCheck	72	static
nand_uboot_fun.c:379:6:NAND_EraseBootBlocks	16	static
nand_uboot_fun.c:409:6:NAND_EraseChip	0	static
nand_uboot_fun.c:414:6:NAND_EraseChip_force	0	static
nand_uboot_fun.c:419:5:NAND_BadBlockScan	0	static
nand_uboot_fun.c:424:5:NAND_UbootInit	16	static
nand_uboot_fun.c:447:5:NAND_UbootExit	8	static
nand_uboot_fun.c:457:5:NAND_UbootProbe	8	static
nand_uboot_fun.c:481:6:NAND_UbootRead_History	0	static
nand_uboot_fun.c:486:6:NAND_UbootRead	0	static
nand_uboot_fun.c:491:6:NAND_UbootWrite	0	static
nand_uboot_fun.c:497:5:NAND_Uboot_Erase	16	static
nand_uboot_fun.c:540:5:NAND_Uboot_Force_Erase	8	static
nand_uboot_fun.c:558:5:NAND_ReadBoot0	0	static
nand_uboot_fun.c:563:5:NAND_BurnBoot0	0	static
nand_uboot_fun.c:570:5:NAND_BurnUboot	0	static
nand_uboot_fun.c:575:5:NAND_GetParam_store	16	static
nand_uboot_fun.c:612:5:NAND_FlushCache	8	static
nand_uboot_fun.c:637:5:nand_verify_toc0	16	static
