sunxi_mmc_tuning.c:611:12:_get_best_sdly	216	static
sunxi_mmc_tuning.c:523:12:_get_best_sdly_tm5	216	static
sunxi_mmc_tuning.c:484:12:_skip_curr_freq.isra.0	8	static
sunxi_mmc_tuning.c:395:12:sunxi_tuning_method_0	48	static
sunxi_mmc_tuning.c:138:5:gen_pat_bus4_1bit	28	static
sunxi_mmc_tuning.c:169:5:gen_pat_bus8_1bit	28	static
sunxi_mmc_tuning.c:200:5:gen_tuning_blk_bus8	24	static
sunxi_mmc_tuning.c:252:5:gen_tuning_blk_bus4	24	static
sunxi_mmc_tuning.c:305:5:sunxi_mmc_tuning_init	16	static
sunxi_mmc_tuning.c:339:5:sunxi_mmc_tuning_exit	8	static
sunxi_mmc_tuning.c:353:14:sunxi_select_freq	16	static
sunxi_mmc_tuning.c:836:5:write_tuning_try_freq_tm5	24	static
sunxi_mmc_tuning.c:1155:5:sunxi_need_rty	16	static
sunxi_mmc_tuning.c:1173:5:write_tuning_try_freq	32	static
sunxi_mmc_tuning.c:1266:5:sunxi_write_tuning	16	static
sunxi_mmc_tuning.c:1331:5:sunxi_execute_tuning	112	static
sunxi_mmc_tuning.c:1422:5:sunxi_pack_tuning_result	48	static
sunxi_mmc_tuning.c:1513:5:sunxi_bus_tuning	16	static
sunxi_mmc_tuning.c:1589:5:sunxi_switch_to_best_bus	48	static
sunxi_mmc_tuning.c:1738:5:mmc_request_update_boot0	0	static
sunxi_mmc_tuning.c:1767:5:mmc_read_info	48	static
sunxi_mmc_tuning.c:1876:5:mmc_write_info	120	static
