CC08021801_310_800X1280.c:444:12:LCD_user_defined_func	0	static
CC08021801_310_800X1280.c:104:12:LCD_close_flow	8	static
CC08021801_310_800X1280.c:132:13:LCD_power_off	8	static
CC08021801_310_800X1280.c:436:13:LCD_panel_exit	8	static
CC08021801_310_800X1280.c:148:13:LCD_bl_close	8	static
CC08021801_310_800X1280.c:92:12:LCD_open_flow	8	static
CC08021801_310_800X1280.c:142:13:LCD_bl_open	8	static
CC08021801_310_800X1280.c:418:13:LCD_panel_init3	16	static
CC08021801_310_800X1280.c:394:13:LCD_panel_init2	48	static
CC08021801_310_800X1280.c:114:13:LCD_power_on	8	static
CC08021801_310_800X1280.c:31:1:LCD_cfg_panel_info	176	static
