K080_IM2HYL802R_800X1280.c:524:12:LCD_user_defined_func	0	static
K080_IM2HYL802R_800X1280.c:166:12:LCD_close_flow	8	static
K080_IM2HYL802R_800X1280.c:201:13:LCD_power_off	8	static
K080_IM2HYL802R_800X1280.c:513:13:LCD_panel_exit	8	static
K080_IM2HYL802R_800X1280.c:222:13:LCD_bl_close	8	static
K080_IM2HYL802R_800X1280.c:155:12:LCD_open_flow	8	static
K080_IM2HYL802R_800X1280.c:215:13:LCD_bl_open	8	static
K080_IM2HYL802R_800X1280.c:489:13:LCD_panel_init	16	static
K080_IM2HYL802R_800X1280.c:176:13:LCD_power_on	8	static
K080_IM2HYL802R_800X1280.c:99:13:LCD_cfg_panel_info	176	static
K080_IM2HYL802R_800X1280.c:473:13:LCD_panel_try_switch	40	static
