sdmmc.c:47:5:sunxi_flash_mmc_probe	0	static
sdmmc.c:62:12:sunxi_flash_mmc_read	8	static
sdmmc.c:72:12:sunxi_flash_mmc_write	8	static
sdmmc.c:146:13:sunxi_flash_mmc_size	0	static
sdmmc.c:152:5:sunxi_flash_mmc_phyread	8	static
sdmmc.c:159:5:sunxi_flash_mmc_phywrite	8	static
sdmmc.c:205:12:sunxi_sprite_mmc_exit	0	static
sdmmc.c:210:12:sunxi_sprite_mmc_read	8	static
sdmmc.c:220:12:sunxi_sprite_mmc_write	8	static
sdmmc.c:240:13:sunxi_sprite_mmc_size	0	static
sdmmc.c:246:5:sunxi_sprite_mmc_phyread	8	static
sdmmc.c:253:5:sunxi_sprite_mmc_phywrite	8	static
sdmmc.c:171:5:sunxi_flash_mmc_phyerase	16	static
sdmmc.c:260:5:sunxi_sprite_mmc_phyerase	16	static
sdmmc.c:282:5:sunxi_sprite_mmc_force_erase	32	static
sdmmc.c:83:12:sunxi_flash_mmc_download_spl	48	static
sdmmc.c:230:12:sunxi_sprite_mmc_erase	0	static
sdmmc.c:57:12:sunxi_flash_mmc_exit	0	static
sdmmc.c:309:12:sunxi_sprite_mmc_download_toc	24	static
sdmmc.c:289:12:sunxi_sprite_mmc_download_spl	24	static
sdmmc.c:917:12:check_secure_storage_key	16	static
sdmmc.c:694:5:sunxi_flash_update_backup_boot0	1056	static
sdmmc.c:235:5:sunxi_sprite_mmc_flush	0	static
sdmmc.c:166:5:sunxi_flash_mmc_flush	0	static
sdmmc.c:127:1:sunxi_flash_mmc_download_toc	24	static
sdmmc.c:271:5:sunxi_sprite_mmc_phywipe	16	static
sdmmc.c:335:5:sunxi_flash_mmc_secread	16	static
sdmmc.c:366:5:sunxi_flash_mmc_secread_backup	16	static
sdmmc.c:399:5:sunxi_flash_mmc_secwrite	32	static
sdmmc.c:445:5:sunxi_sprite_mmc_secread	16	static
sdmmc.c:476:5:sunxi_sprite_mmc_secread_backup	16	static
sdmmc.c:549:5:mmc_secure_storage_read	32	static
sdmmc.c:509:5:sunxi_sprite_mmc_secwrite	32	static
sdmmc.c:557:5:mmc_secure_storage_write	16	static
sdmmc.c:777:5:sdmmc_init_for_boot	16	static
sdmmc.c:52:12:sunxi_flash_mmc_init	0	static
sdmmc.c:805:5:sdmmc_init_for_sprite	16	static
sdmmc.c:187:5:sunxi_sprite_mmc_probe	0	static
sdmmc.c:200:12:sunxi_sprite_mmc_init	0	static
sdmmc.c:858:5:sdmmc_init_card0_for_sprite	8	static
sdmmc.c:894:5:card_read_boot0	16	static
