timer.c:289:13:timerX_callback_default	0	static
timer.c:294:6:timer0_func	8	static
timer.c:310:6:timer1_func	8	static
timer.c:37:5:timer_init	0	static
timer.c:56:6:timer_exit	0	static
timer.c:131:5:read_timer	0	static
timer.c:141:6:__udelay	20	static
timer.c:154:6:__usdelay	0	static
timer.c:167:6:__msdelay	0	static
timer.c:176:5:runtime_tick	20	static
timer.c:183:7:get_timer_masked	0	static
timer.c:193:7:get_timer	8	static
timer.c:203:20:get_ticks	0	static
timer.c:219:7:get_tbclk	0	static
timer.c:226:6:watchdog_disable	0	static
timer.c:234:6:watchdog_enable	8	static
timer.c:327:6:init_timer	0	static
timer.c:332:6:add_timer	24	static
timer.c:411:6:del_timer	16	static
