disp_tv.c:28:41:disp_tv_get_priv	8	static
disp_tv.c:512:5:disp_tv_set_func	16	static
disp_tv.c:145:12:tv_calc_judge_line	24	static
disp_tv.c:264:5:disp_tv_sw_enable	24	static
disp_tv.c:191:5:disp_tv_enable	24	static
disp_tv.c:411:5:disp_tv_suspend	16	static
disp_tv.c:471:5:disp_tv_get_mode	16	static
disp_tv.c:527:5:disp_tv_detect	8	static
disp_tv.c:593:5:disp_set_enhance_mode	16	static
disp_tv.c:610:13:disp_tv_check_config_dirty	16	static
disp_tv.c:636:12:disp_tv_get_static_config	16	static
disp_tv.c:365:12:disp_tv_init	8	static
disp_tv.c:43:12:disp_tv_event_proc	16	static
disp_tv.c:556:12:disp_tv_get_fps	8	static
disp_tv.c:397:5:disp_tv_is_enabled	8	static
disp_tv.c:496:5:disp_tv_get_input_csc	8	static
disp_tv.c:542:5:disp_tv_check_support_mode	16	static
disp_tv.c:429:5:disp_tv_resume	16	static
disp_tv.c:448:5:disp_tv_set_mode	16	static
disp_tv.c:630:12:disp_tv_set_static_config	0	static
disp_tv.c:568:5:disp_init_tv_para	8	static
disp_tv.c:578:5:disp_tv_set_hpd	16	static
disp_tv.c:321:5:disp_tv_disable	16	static
disp_tv.c:380:5:disp_tv_exit	16	static
disp_tv.c:657:5:disp_init_tv	88	static
