disp_lcd.c:2843:12:disp_lcd_set_static_config	0	static
disp_lcd.c:93:28:disp_get_lcd_compat	16	static
disp_lcd.c:71:38:disp_lcd_get_priv	8	static
disp_lcd.c:132:12:disp_lcd_is_used	8	static
disp_lcd.c:1672:12:disp_lcd_cal_fps	8	static
disp_lcd.c:1439:12:disp_lcd_bright_curve_init	848	static
disp_lcd.c:2369:24:disp_lcd_get_open_flow	16	static
disp_lcd.c:1039:12:lcd_clk_disable	16	static
disp_lcd.c:2457:12:disp_lcd_compat_set_panel_funs	80	static
disp_lcd.c:972:12:lcd_clk_enable	112	static
disp_lcd.c:1256:12:disp_lcd_pin_cfg	64	static
disp_lcd.c:1363:12:disp_lcd_backlight_disable	80	static
disp_lcd.c:1427:12:disp_lcd_bright_get_adjust_value.part.3	8	static
disp_lcd.c:1539:5:disp_lcd_get_bright	8	static
disp_lcd.c:2321:5:disp_lcd_is_enabled	8	static
disp_lcd.c:2701:12:disp_lcd_disable_gamma	8	static
disp_lcd.c:2606:12:disp_lcd_get_dimensions	16	static
disp_lcd.c:2401:24:disp_lcd_get_close_flow	16	static
disp_lcd.c:2351:12:disp_lcd_set_close_func	16	static
disp_lcd.c:2333:12:disp_lcd_set_open_func	16	static
disp_lcd.c:2825:13:disp_lcd_check_config_dirty	8	static
disp_lcd.c:2849:12:disp_lcd_get_static_config	16	static
disp_lcd.c:1408:12:disp_lcd_power_disable	16	static
disp_lcd.c:2632:13:disp_lcd_is_in_safe_period	16	static
disp_lcd.c:1077:12:lcd_calc_judge_line	16	static
disp_lcd.c:2225:12:disp_lcd_sw_enable	104	static
disp_lcd.c:1587:12:disp_lcd_event_proc	24	static
disp_lcd.c:1389:12:disp_lcd_power_enable	16	static
disp_lcd.c:1569:12:disp_lcd_get_panel_info	16	static
disp_lcd.c:2592:5:disp_lcd_gpio_set_value	48	static
disp_lcd.c:2880:12:disp_lcd_exit	8	static
disp_lcd.c:2620:12:disp_lcd_get_status	8	static
disp_lcd.c:1244:12:disp_lcd_tcon_disable	8	static
disp_lcd.c:1224:12:disp_lcd_tcon_enable	8	static
disp_lcd.c:1313:12:disp_lcd_pwm_disable	16	static
disp_lcd.c:1296:12:disp_lcd_pwm_enable	16	static
disp_lcd.c:2723:12:disp_lcd_get_fps	8	static
disp_lcd.c:2655:12:disp_lcd_set_gamma_tbl	24	static
disp_lcd.c:2680:12:disp_lcd_enable_gamma	8	static
disp_lcd.c:1484:5:disp_lcd_set_bright	32	static
disp_lcd.c:1551:12:disp_lcd_set_bright_dimming	16	static
disp_lcd.c:1330:12:disp_lcd_backlight_enable	80	static
disp_lcd.c:2564:5:disp_lcd_gpio_set_direction	48	static
disp_lcd.c:81:21:disp_get_direct_lcd_compat	0	static
disp_lcd.c:111:21:disp_get_lcd	32	static
disp_lcd.c:2078:13:disp_lcd_pre_disable_ex	16	static
disp_lcd.c:1797:13:disp_lcd_post_enable_ex	8	static
disp_lcd.c:146:5:lcd_sys_script_get_item	80	static
disp_lcd.c:733:13:lcd_get_sys_config	104	static
disp_lcd.c:168:12:lcd_parse_panel_para	56	static
disp_lcd.c:2752:12:disp_lcd_init	24	static
disp_lcd.c:2430:12:disp_lcd_set_panel_funs	88	static
disp_lcd.c:2498:5:disp_lcd_gpio_init	96	static
disp_lcd.c:1786:13:disp_lcd_pre_enable_ex	32	static
disp_lcd.c:1808:12:__disp_lcd_enable	40	static
disp_lcd.c:2005:12:disp_lcd_fake_enable	0	static
disp_lcd.c:1997:12:disp_lcd_enable	0	static
disp_lcd.c:2529:5:disp_lcd_gpio_exit	88	static
disp_lcd.c:2089:13:disp_lcd_post_disable_ex	24	static
disp_lcd.c:1902:5:disp_lcd_switch_compat_panel	16	static
disp_lcd.c:2152:12:disp_lcd_disable	24	static
disp_lcd.c:2578:5:disp_lcd_gpio_get_value	40	static
disp_lcd.c:2894:5:disp_init_lcd	72	static
