disp_hdmi.c:63:41:disp_hdmi_get_priv	8	static
disp_hdmi.c:575:12:disp_hdmi_set_detect	24	static
disp_hdmi.c:752:13:disp_hdmi_check_config_dirty	16	static
disp_hdmi.c:228:12:hdmi_calc_judge_line	24	static
disp_hdmi.c:416:12:disp_hdmi_sw_enable	24	static
disp_hdmi.c:463:12:disp_hdmi_disable	16	static
disp_hdmi.c:527:5:disp_hdmi_set_mode	16	static
disp_hdmi.c:656:12:disp_hdmi_get_input_csc	8	static
disp_hdmi.c:706:12:disp_hdmi_resume.part.4	8	static
disp_hdmi.c:706:12:disp_hdmi_resume	16	static
disp_hdmi.c:685:12:disp_hdmi_suspend	16	static
disp_hdmi.c:671:12:disp_hdmi_get_input_color_range	8	static
disp_hdmi.c:625:12:disp_hdmi_get_work_mode	8	static
disp_hdmi.c:640:12:disp_hdmi_get_support_mode	16	static
disp_hdmi.c:848:12:disp_hdmi_set_dynamic_config	16	static
disp_hdmi.c:610:12:disp_hdmi_check_support_mode	16	static
disp_hdmi.c:550:12:disp_hdmi_get_mode	8	static
disp_hdmi.c:514:12:disp_hdmi_is_enabled	8	static
disp_hdmi.c:319:12:disp_hdmi_init	8	static
disp_hdmi.c:811:12:disp_hdmi_get_static_config	16	static
disp_hdmi.c:790:12:disp_hdmi_set_static_config	16	static
disp_hdmi.c:269:12:disp_hdmi_set_func	16	static
disp_hdmi.c:289:12:disp_hdmi_event_proc	16	static
disp_hdmi.c:727:12:disp_hdmi_get_status	8	static
disp_hdmi.c:740:12:disp_hdmi_get_fps	8	static
disp_hdmi.c:562:12:disp_hdmi_detect	8	static
disp_hdmi.c:346:5:disp_hdmi_enable	48	static
disp_hdmi.c:332:12:disp_hdmi_exit	8	static
disp_hdmi.c:50:21:disp_get_hdmi	8	static
disp_hdmi.c:866:5:disp_init_hdmi	48	static
