api.c:44:12:api_phy_write	0	static
api.c:53:12:api_phy_read	0	static
api.c:466:6:api_set_video_code	0	static
api.c:507:13:api_set_phy_base	0	static
api.c:501:13:api_dvimode_enable	0	static
api.c:495:13:api_phy_power_enable	0	static
api.c:476:13:api_fc_vsif_set	0	static
api.c:471:13:api_fc_vsif_get	0	static
api.c:481:12:api_get_color_depth	8	static
api.c:460:12:api_get_video_code	8	static
api.c:454:12:api_get_pixel_format	8	static
api.c:447:12:api_get_colorimetry	8	static
api.c:440:12:api_get_pixelrepetion	8	static
api.c:434:12:api_get_avmute_state	8	static
api.c:428:12:api_get_scramble_state	8	static
api.c:421:12:api_get_tmds_mode	8	static
api.c:403:12:api_get_phy_power_state	8	static
api.c:409:12:api_get_phy_pll_lock_state	8	static
api.c:415:12:api_get_phy_rxsense_state	8	static
api.c:396:12:api_get_audio_channel_count	8	static
api.c:389:12:api_get_audio_sample_size	8	static
api.c:383:12:api_get_sample_freq	0	static
api.c:377:12:api_get_audio_layout	8	static
api.c:371:12:api_get_audio_n	0	static
api.c:62:12:api_scdc_read	0	static
api.c:67:12:api_scdc_write	0	static
api.c:108:13:resistor_calibration	16	static
api.c:176:12:api_Standby	8	static
api.c:171:13:api_fc_drm_up	0	static
api.c:211:12:api_dtd_fill	0	static
api.c:195:11:api_dev_hpd_status	0	static
api.c:190:13:api_hpd_enable	0	static
api.c:489:13:api_avmute_enable	16	static
api.c:139:12:api_audio_configure	24	static
api.c:239:12:api_Configure	48	static
api.c:511:6:hdmitx_api_init	384	static
api.c:590:6:hdmitx_api_exit	8	static
