clk-sun8iw20.c:578:5:dcxo_out_priv_enable	0	static
clk-sun8iw20.c:591:6:dcxo_out_priv_disable	0	static
clk-sun8iw20.c:602:5:dcxo_out_priv_is_enabled	0	static
clk-sun8iw20.c:617:6:set_dcxo_out_priv_ops	0	static
clk-sun8iw20.c:277:22:calc_rate_audio	32	static
clk-sun8iw20.c:239:22:calc_rate_videox4	24	static
clk-sun8iw20.c:249:22:calc_rate_videox1	24	static
clk-sun8iw20.c:226:22:calc_rate_pll_periph0x2	32	static
clk-sun8iw20.c:215:22:calc_rate_pll_periph	24	static
clk-sun8iw20.c:204:22:calc_rate_pll_ddr	32	static
clk-sun8iw20.c:259:22:calc_rate_media	0	static
clk-sun8iw20.c:193:22:calc_rate_pll_cpu	32	static
clk-sun8iw20.c:155:12:get_factors_pll_ve	16	static
clk-sun8iw20.c:135:12:get_factors_pll_video1	24	static
clk-sun8iw20.c:116:12:get_factors_pll_video0	24	static
clk-sun8iw20.c:97:12:get_factors_pll_periph0	24	static
clk-sun8iw20.c:77:12:get_factors_pll_ddr0	24	static
clk-sun8iw20.c:174:12:get_factors_pll_csi	0	static
clk-sun8iw20.c:58:12:get_factors_pll_cpu	24	static
clk-sun8iw20.c:300:12:get_factors_pll_audio	0	static
clk-sun8iw20_tbl.c:1291:6:sunxi_clk_factor_initlimits	0	static
clk-sun8iw20.c:625:6:sunxi_set_clk_priv_ops	24	static
clk-sun8iw20.c:641:26:sunxi_clk_get_factor_by_name	24	static
clk-sun8iw20.c:657:26:sunxi_clk_get_periph_rtc_by_name	0	static
clk-sun8iw20.c:664:26:sunxi_clk_get_periph_by_name	24	static
clk-sun8iw20.c:682:26:sunxi_clk_get_periph_cpus_by_name	24	static
clk-sun8iw20.c:696:26:sunxi_cpus_clk_get_periph_by_name	0	static
clk-sun8iw20.c:711:6:init_clocks	32	static
