board_common.c:64:6:set_boot_work_mode	0	static
board_common.c:69:5:get_boot_work_mode	0	static
board_common.c:74:6:set_boot_debug_mode	0	static
board_common.c:79:5:get_boot_debug_mode	0	static
board_common.c:84:5:get_boot_storage_type_ext	0	static
board_common.c:90:5:get_boot_storage_type	0	static
board_common.c:101:6:set_boot_storage_type	0	static
board_common.c:113:5:board_eth_init	0	static
board_common.c:134:5:sunxi_probe_secure_monitor	0	static
board_common.c:142:5:sunxi_probe_secure_os	0	static
board_common.c:147:5:sunxi_get_secureboard	0	static
board_common.c:172:5:sunxi_probe_securemode	24	static
board_common.c:308:5:sunxi_set_secure_mode	88	static
board_common.c:349:5:sunxi_get_securemode	0	static
board_common.c:354:5:sunxi_get_uboot_shell	0	static
board_common.c:359:5:sunxi_set_uboot_shell	0	static
board_common.c:365:5:sunxi_set_force_32bit_os	0	static
board_common.c:371:5:sunxi_get_force_32bit_os	0	static
board_common.c:376:6:reset_boot_dram_update_flag	0	static
board_common.c:385:6:set_boot_dram_update_flag	0	static
board_common.c:396:5:get_boot_dram_update_flag	0	static
board_common.c:426:5:sunxi_parsed_specific_string	20	static
board_common.c:448:5:initr_sunxi_display	0	static
board_common.c:482:5:sunxi_boot_init_gpio	64	static
board_common.c:522:5:board_early_init_r	8	static
board_common.c:584:6:board_bootlogo_display	8	static
board_common.c:617:5:board_env_late_init	8	static
board_common.c:672:5:board_late_init	8	static
board_common.c:777:6:sunxi_generate_checksum	20	static
board_common.c:802:5:sunxi_verify_checksum	8	static
board_common.c:822:6:board_quiesce_devices	8	static
board_common.c:832:6:sunxi_board_close_source	8	static
board_common.c:839:5:sunxi_board_restart	8	static
board_common.c:813:6:reset_misc	0	static
board_common.c:848:5:sunxi_board_shutdown	8	static
board_common.c:872:5:sunxi_board_run_fel	8	static
board_common.c:881:6:sunxi_update_subsequent_processing	8	static
board_common.c:917:5:sunxi_boot_image_get_embbed_cert_len	8	static
board_common.c:927:7:sunxi_prepare_bpk_bootlogo	8	static
board_common.c:554:6:sunxi_early_logo_display	8	static
