sys_partition.c:24:5:sunxi_partition_init	16	static
sys_partition.c:51:5:sunxi_probe_partition_map	8	static
sys_partition.c:66:5:sunxi_replace_android_ab_system	16	static
sys_partition.c:96:5:sunxi_partition_get_partno_byname	160	static
sys_partition.c:150:5:sunxi_flash_try_partition	40	static
sys_partition.c:194:5:sunxi_partition_get_info	16	static
sys_partition.c:128:5:sunxi_partition_get_info_byname	136	static
sys_partition.c:140:6:sunxi_partition_get_offset_byname	128	static
sys_partition.c:236:10:sunxi_partition_get_offset	8	static
