usb_fastboot.c:1587:13:sunxi_fastboot_reset	0	static
usb_fastboot.c:1715:12:sunxi_fastboot_nonstandard_req_op	0	static
usb_fastboot.c:1630:13:sunxi_fastboot_usb_tx_dma_isr	0	static
usb_fastboot.c:1608:13:sunxi_fastboot_usb_rx_dma_isr	0	static
usb_fastboot.c:504:12:erase_userdata	136	static
usb_fastboot.c:1560:12:sunxi_fastboot_exit	8	static
usb_fastboot.c:451:12:__sunxi_fastboot_send_status	0	static
usb_fastboot.c:473:12:__fastboot_reboot	24	static
usb_fastboot.c:1738:13:__limited_fastboot	72	static
usb_fastboot.c:1650:12:sunxi_fastboot_standard_req_op	40	static
usb_fastboot.c:1510:12:sunxi_fastboot_init	16	static
usb_fastboot.c:45:5:get_fastboot_data_flag	0	static
usb_fastboot.c:50:27:sunxi_secure_storage_init	0	static
usb_fastboot.c:55:27:sunxi_secure_storage_exit	0	static
usb_fastboot.c:61:1:sunxi_secure_object_read	0	static
usb_fastboot.c:68:1:sunxi_secure_object_write	0	static
usb_fastboot.c:1212:12:sunxi_fastboot_write_status_flag	16	static
usb_fastboot.c:1145:5:sunxi_oem_op_lock	80	static
usb_fastboot.c:1768:5:sunxi_fastboot_status_read	560	static
usb_fastboot.c:1811:12:sunxi_fastboot_status	8	static
usb_fastboot.c:1838:12:sunxi_fastboot_state_loop	2328	static
