usb_efex.c:577:13:sunxi_efex_reset	0	static
usb_efex.c:600:14:sunxi_efex_usb_rx_dma_isr	0	static
usb_efex.c:622:14:sunxi_efex_usb_tx_dma_isr	0	static
usb_efex.c:765:13:__sunxi_usb_efex_fill_status	16	static
usb_efex.c:1660:13:dram_data_recv_finish	40	static
usb_efex.c:716:12:sunxi_efex_nonstandard_req_op	8	static
usb_efex.c:646:12:sunxi_efex_standard_req_op	40	static
usb_efex.c:541:12:sunxi_efex_exit	8	static
usb_efex.c:481:12:sunxi_efex_init	16	static
usb_efex.c:781:5:sunxi_print_usb_efex_cmd	16	static
usb_efex.c:870:5:sunxi_print_usb_efex_next_status	16	static
usb_efex.c:923:12:__sunxi_usb_efex_op_cmd	24	static
usb_efex.c:1790:6:sunxi_print_efex_status	16	static
usb_efex.c:1842:6:sunxi_print_efex_app_step	16	static
usb_efex.c:1880:12:sunxi_efex_state_loop	24	static
